Archive member included to satisfy reference by file (symbol)

c:/spc5studio-6.0/eclipse/plugins/com.st.tools.spc5.tools.gnu.gcc.ppcvle.win32_4.9.4.20200908161514/toolchain/bin/../lib/gcc/powerpc-eabivle/4.9.4/../../../../powerpc-eabivle/lib/e200z4\libc.a(lib_a-memcpy.o)
                              build/obj/can_lld.o (memcpy)
c:/spc5studio-6.0/eclipse/plugins/com.st.tools.spc5.tools.gnu.gcc.ppcvle.win32_4.9.4.20200908161514/toolchain/bin/../lib/gcc/powerpc-eabivle/4.9.4/../../../../powerpc-eabivle/lib/e200z4\libc.a(lib_a-memset.o)
                              build/obj/osal.o (memset)
c:/spc5studio-6.0/eclipse/plugins/com.st.tools.spc5.tools.gnu.gcc.ppcvle.win32_4.9.4.20200908161514/toolchain/bin/../lib/gcc/powerpc-eabivle/4.9.4/e200z4\libgcc.a(_fixunssfsi.o)
                              build/obj/CAN_tools.o (__fixunssfsi)
c:/spc5studio-6.0/eclipse/plugins/com.st.tools.spc5.tools.gnu.gcc.ppcvle.win32_4.9.4.20200908161514/toolchain/bin/../lib/gcc/powerpc-eabivle/4.9.4/e200z4\libgcc.a(_fixunsdfsi.o)
                              build/obj/h302.o (__fixunsdfsi)
c:/spc5studio-6.0/eclipse/plugins/com.st.tools.spc5.tools.gnu.gcc.ppcvle.win32_4.9.4.20200908161514/toolchain/bin/../lib/gcc/powerpc-eabivle/4.9.4/e200z4\libgcc.a(_addsub_sf.o)
                              build/obj/h302.o (__addsf3)
c:/spc5studio-6.0/eclipse/plugins/com.st.tools.spc5.tools.gnu.gcc.ppcvle.win32_4.9.4.20200908161514/toolchain/bin/../lib/gcc/powerpc-eabivle/4.9.4/e200z4\libgcc.a(_mul_sf.o)
                              build/obj/main.o (__mulsf3)
c:/spc5studio-6.0/eclipse/plugins/com.st.tools.spc5.tools.gnu.gcc.ppcvle.win32_4.9.4.20200908161514/toolchain/bin/../lib/gcc/powerpc-eabivle/4.9.4/e200z4\libgcc.a(_gt_sf.o)
                              build/obj/h302.o (__gtsf2)
c:/spc5studio-6.0/eclipse/plugins/com.st.tools.spc5.tools.gnu.gcc.ppcvle.win32_4.9.4.20200908161514/toolchain/bin/../lib/gcc/powerpc-eabivle/4.9.4/e200z4\libgcc.a(_ge_sf.o)
                              c:/spc5studio-6.0/eclipse/plugins/com.st.tools.spc5.tools.gnu.gcc.ppcvle.win32_4.9.4.20200908161514/toolchain/bin/../lib/gcc/powerpc-eabivle/4.9.4/e200z4\libgcc.a(_fixunssfsi.o) (__gesf2)
c:/spc5studio-6.0/eclipse/plugins/com.st.tools.spc5.tools.gnu.gcc.ppcvle.win32_4.9.4.20200908161514/toolchain/bin/../lib/gcc/powerpc-eabivle/4.9.4/e200z4\libgcc.a(_lt_sf.o)
                              build/obj/h302.o (__ltsf2)
c:/spc5studio-6.0/eclipse/plugins/com.st.tools.spc5.tools.gnu.gcc.ppcvle.win32_4.9.4.20200908161514/toolchain/bin/../lib/gcc/powerpc-eabivle/4.9.4/e200z4\libgcc.a(_si_to_sf.o)
                              build/obj/main.o (__floatsisf)
c:/spc5studio-6.0/eclipse/plugins/com.st.tools.spc5.tools.gnu.gcc.ppcvle.win32_4.9.4.20200908161514/toolchain/bin/../lib/gcc/powerpc-eabivle/4.9.4/e200z4\libgcc.a(_sf_to_si.o)
                              c:/spc5studio-6.0/eclipse/plugins/com.st.tools.spc5.tools.gnu.gcc.ppcvle.win32_4.9.4.20200908161514/toolchain/bin/../lib/gcc/powerpc-eabivle/4.9.4/e200z4\libgcc.a(_fixunssfsi.o) (__fixsfsi)
c:/spc5studio-6.0/eclipse/plugins/com.st.tools.spc5.tools.gnu.gcc.ppcvle.win32_4.9.4.20200908161514/toolchain/bin/../lib/gcc/powerpc-eabivle/4.9.4/e200z4\libgcc.a(_sf_to_df.o)
                              build/obj/h302.o (__extendsfdf2)
c:/spc5studio-6.0/eclipse/plugins/com.st.tools.spc5.tools.gnu.gcc.ppcvle.win32_4.9.4.20200908161514/toolchain/bin/../lib/gcc/powerpc-eabivle/4.9.4/e200z4\libgcc.a(_thenan_sf.o)
                              c:/spc5studio-6.0/eclipse/plugins/com.st.tools.spc5.tools.gnu.gcc.ppcvle.win32_4.9.4.20200908161514/toolchain/bin/../lib/gcc/powerpc-eabivle/4.9.4/e200z4\libgcc.a(_addsub_sf.o) (__thenan_sf)
c:/spc5studio-6.0/eclipse/plugins/com.st.tools.spc5.tools.gnu.gcc.ppcvle.win32_4.9.4.20200908161514/toolchain/bin/../lib/gcc/powerpc-eabivle/4.9.4/e200z4\libgcc.a(_usi_to_sf.o)
                              build/obj/CAN_tools.o (__floatunsisf)
c:/spc5studio-6.0/eclipse/plugins/com.st.tools.spc5.tools.gnu.gcc.ppcvle.win32_4.9.4.20200908161514/toolchain/bin/../lib/gcc/powerpc-eabivle/4.9.4/e200z4\libgcc.a(_addsub_df.o)
                              c:/spc5studio-6.0/eclipse/plugins/com.st.tools.spc5.tools.gnu.gcc.ppcvle.win32_4.9.4.20200908161514/toolchain/bin/../lib/gcc/powerpc-eabivle/4.9.4/e200z4\libgcc.a(_fixunsdfsi.o) (__subdf3)
c:/spc5studio-6.0/eclipse/plugins/com.st.tools.spc5.tools.gnu.gcc.ppcvle.win32_4.9.4.20200908161514/toolchain/bin/../lib/gcc/powerpc-eabivle/4.9.4/e200z4\libgcc.a(_div_df.o)
                              build/obj/h302.o (__divdf3)
c:/spc5studio-6.0/eclipse/plugins/com.st.tools.spc5.tools.gnu.gcc.ppcvle.win32_4.9.4.20200908161514/toolchain/bin/../lib/gcc/powerpc-eabivle/4.9.4/e200z4\libgcc.a(_ge_df.o)
                              c:/spc5studio-6.0/eclipse/plugins/com.st.tools.spc5.tools.gnu.gcc.ppcvle.win32_4.9.4.20200908161514/toolchain/bin/../lib/gcc/powerpc-eabivle/4.9.4/e200z4\libgcc.a(_fixunsdfsi.o) (__gedf2)
[...]
Memory Configuration

Name             Origin             Length             Attributes
dataflash        0x00800000         0x00040000
flash            0x01000000         0x003c0000
ram              0x40060000         0x00098000
iram0            0x50000000         0x00004000
iram1            0x51000000         0x00004000
iram2            0x52000000         0x00004000
dram0            0x50800000         0x00010000
dram1            0x51800000         0x00010000
dram2            0x52800000         0x00008000
*default*        0x00000000         0xffffffff

Linker script and memory map

LOAD build/obj/boot.o
LOAD build/obj/crt0.o
LOAD build/obj/portasm.o
LOAD build/obj/vectors.o
LOAD build/obj/ivor.o
LOAD build/obj/core0.o
LOAD build/obj/core1.o
LOAD build/obj/cache.o
LOAD build/obj/spc5_lld.o
LOAD build/obj/spc5_edma.o
LOAD build/obj/can_lld.o
LOAD build/obj/croutine.o
LOAD build/obj/list.o
LOAD build/obj/event_groups.o
LOAD build/obj/queue.o
LOAD build/obj/stream_buffer.o
LOAD build/obj/tasks.o
LOAD build/obj/timers.o
LOAD build/obj/port.o
LOAD build/obj/heap_4.o
LOAD build/obj/pal.o
LOAD build/obj/clock.o
LOAD build/obj/irq.o
LOAD build/obj/eirq.o
LOAD build/obj/swirq.o
LOAD build/obj/osal.o
LOAD build/obj/systimer.o
LOAD build/obj/can_lld_cfg.o
LOAD build/obj/board.o
LOAD build/obj/irq_cfg.o
LOAD build/obj/eirq_cfg.o
LOAD build/obj/swirq_cfg.o
LOAD build/obj/main.o
LOAD build/obj/h302.o
LOAD build/obj/CAN_tools.o
LOAD build/obj/crc.o
LOAD build/obj/components.o
LOAD c:/spc5studio-6.0/eclipse/plugins/com.st.tools.spc5.tools.gnu.gcc.ppcvle.win32_4.9.4.20200908161514/toolchain/bin/../lib/gcc/powerpc-eabivle/4.9.4/../../../../powerpc-eabivle/lib/e200z4\libm.a
LOAD c:/spc5studio-6.0/eclipse/plugins/com.st.tools.spc5.tools.gnu.gcc.ppcvle.win32_4.9.4.20200908161514/toolchain/bin/../lib/gcc/powerpc-eabivle/4.9.4/../../../../powerpc-eabivle/lib/e200z4\libc.a
                0x00000000                __irq_stack_size__ = 0x0
                0x00001000                __process_stack_size__ = 0x1000
                0x00000000                __core0_irq_stack_size__ = 0x0
                0x00000800                __core0_process_stack_size__ = 0x800
                0x00000000                __core1_irq_stack_size__ = 0x0
                0x00000800                __core1_process_stack_size__ = 0x800
                0x003c0000                __flash_size__ = LENGTH (flash)
                0x01000000                __flash_start__ = ORIGIN (flash)
                0x013c0000                __flash_end__ = (ORIGIN (flash) + LENGTH (flash))
                0x00098000                __ram_size__ = LENGTH (ram)
                0x40060000                __ram_start__ = ORIGIN (ram)
                0x400f8000                __ram_end__ = (ORIGIN (ram) + LENGTH (ram))
                0x00004000                __iram0_size__ = LENGTH (iram0)
                0x50000000                __iram0_start__ = ORIGIN (iram0)
                0x50004000                __iram0_end__ = (ORIGIN (iram0) + LENGTH (iram0))
                0x00004000                __iram1_size__ = LENGTH (iram1)
                0x51000000                __iram1_start__ = ORIGIN (iram1)
                0x51004000                __iram1_end__ = (ORIGIN (iram1) + LENGTH (iram1))
                0x00004000                __iram2_size__ = LENGTH (iram2)
                0x52000000                __iram2_start__ = ORIGIN (iram2)
                0x52004000                __iram2_end__ = (ORIGIN (iram2) + LENGTH (iram2))
                0x00010000                __dram0_size__ = LENGTH (dram0)
                0x50800000                __dram0_start__ = ORIGIN (dram0)
                0x50810000                __dram0_end__ = (ORIGIN (dram0) + LENGTH (dram0))
                0x00010000                __dram1_size__ = LENGTH (dram1)
                0x51800000                __dram1_start__ = ORIGIN (dram1)
                0x51810000                __dram1_end__ = (ORIGIN (dram1) + LENGTH (dram1))
                0x00008000                __dram2_size__ = LENGTH (dram2)
                0x52800000                __dram2_start__ = ORIGIN (dram2)
                0x52808000                __dram2_end__ = (ORIGIN (dram2) + LENGTH (dram2))
                0x01000000                . = ORIGIN (flash)

.boot0          0x01000000      0x562
 *(.boot)
 .boot          0x01000000      0x2f6 build/obj/boot.o
                0x01000010                _reset_address0
                0x01000038                _reset_address1
                0x01000060                _reset_address2
                0x01000090                _boot_address0
                0x01000090                _boot_address1
 *(.handlers)
 *fill*         0x010002f6        0xa 
 .handlers      0x01000300        0xa build/obj/boot.o
                0x01000300                _C0_IVOR15
                0x01000300                _C0_IVOR3
                0x01000300                _C0_IVOR9
                0x01000300                _C0_IVOR2
                0x01000300                _C0_IVOR11
                0x01000300                _C0_IVOR7
                0x01000300                _C0_IVOR12
                0x01000300                _C0_IVOR1
                0x01000300                _C0_IVOR8
                0x01000300                _unhandled_exception0
                0x01000300                _C0_IVOR13
                0x01000300                _C0_IVOR0
                0x01000300                _C0_IVOR5
                0x01000300                _C0_IVOR14
                0x01000300                _C0_IVOR6
                0x01000304                _C1_IVOR11
                0x01000304                _C1_IVOR8
                0x01000304                _C1_IVOR12
                0x01000304                _C1_IVOR6
                0x01000304                _C1_IVOR14
                0x01000304                _C1_IVOR7
                0x01000304                _C1_IVOR5
                0x01000304                _C1_IVOR1
                0x01000304                _unhandled_exception1
                0x01000304                _C1_IVOR15
                0x01000304                _C1_IVOR2
                0x01000304                _C1_IVOR13
                0x01000304                _C1_IVOR0
                0x01000304                _C1_IVOR3
                0x01000304                _C1_IVOR9
                0x01000308                _IVOR9
                0x01000308                _IVOR12
                0x01000308                _IVOR1
                0x01000308                _unhandled_exception2
                0x01000308                _IVOR3
                0x01000308                _IVOR6
                0x01000308                _IVOR14
                0x01000308                _IVOR2
                0x01000308                _IVOR13
                0x01000308                _IVOR11
                0x01000308                _IVOR15
                0x01000308                _IVOR0
                0x01000308                _IVOR7
                0x01000308                _IVOR5
 *fill*         0x0100030a        0x6 
 .handlers      0x01000310      0x1c2 build/obj/portasm.o
                0x01000310                _IVOR8
                0x010003b0                _IVOR4
                0x01000480                vPortStartFirstTask
 *(.crt0)
 *fill*         0x010004d2        0xe 
 .crt0          0x010004e0       0x82 build/obj/crt0.o
                0x010004e0                _boot_address
                0x01000558                _main_exit_handler
                0x0100055e                __late_init
                0x01000560                __eabi

.boot1          0x01000570     0x1a92
                0x01000600                . = ALIGN (0x100)
 *fill*         0x01000570       0x90 
                0x01000600                __ivpr0_base__ = .
 *(.core0_ivors)
 .core0_ivors   0x01000600       0xf4 build/obj/boot.o
                0x01000600                C0_IVORS
                0x01000700                . = ALIGN (0x100)
 *fill*         0x010006f4        0xc 
                0x01000700                __ivpr1_base__ = .
 *(.core1_ivors)
 .core1_ivors   0x01000700       0xf4 build/obj/boot.o
                0x01000700                C1_IVORS
                0x01000800                . = ALIGN (0x100)
 *fill*         0x010007f4        0xc 
                0x01000800                __ivpr2_base__ = .
 *(.core2_ivors)
 .core2_ivors   0x01000800       0xf4 build/obj/boot.o
                0x01000800                IVORS
                0x01001000                . = ALIGN (0x1000)
 *fill*         0x010008f4      0x70c 
 *(.vectors)
 .vectors       0x01001000     0x1002 build/obj/vectors.o
                0x01001000                _vectors
                0x01002000                vector646
                0x01002000                vector276
                0x01002000                vector827
                0x01002000                vector403
                0x01002000                vector444
                0x01002000                vector971
                0x01002000                vector198
                0x01002000                vector689
                0x01002000                vector25
                0x01002000                vector710
                0x01002000                vector548
                0x01002000                vector464
                0x01002000                vector837
                0x01002000                vector937
                0x01002000                vector725
                0x01002000                vector722
                0x01002000                vector769
                0x01002000                vector569
                0x01002000                vector664
                0x01002000                vector487
                0x01002000                vector151
                0x01002000                vector50
                0x01002000                vector15
                0x01002000                vector848
                0x01002000                vector1017
                0x01002000                vector501
                0x01002000                vector234
                0x01002000                vector723
                0x01002000                vector604
                0x01002000                vector387
                0x01002000                vector933
                0x01002000                vector602
                0x01002000                vector232
                0x01002000                vector635
                0x01002000                vector878
                0x01002000                vector407
                0x01002000                vector757
                0x01002000                vector772
                0x01002000                vector729
                0x01002000                vector342
                0x01002000                vector149
                0x01002000                vector265
                0x01002000                vector880
                0x01002000                vector163
                0x01002000                vector1003
                0x01002000                vector759
                0x01002000                vector982
                0x01002000                vector774
                0x01002000                vector513
                0x01002000                vector421
                0x01002000                vector401
                0x01002000                vector351
                0x01002000                vector481
                0x01002000                vector220
                0x01002000                vector835
                0x01002000                vector294
                0x01002000                vector529
                0x01002000                vector179
                0x01002000                vector886
                0x01002000                vector909
                0x01002000                vector308
                0x01002000                vector537
                0x01002000                vector187
                0x01002000                vector225
                0x01002000                vector680
                0x01002000                vector494
                0x01002000                vector599
                0x01002000                vector424
                0x01002000                vector843
                0x01002000                vector467
                0x01002000                vector1015
                0x01002000                vector804
                0x01002000                vector883
                0x01002000                vector551
                0x01002000                vector1009
                0x01002000                vector814
                0x01002000                vector542
                0x01002000                vector382
                0x01002000                vector841
                0x01002000                vector370
                0x01002000                vector337
                0x01002000                vector739
                0x01002000                vector302
                0x01002000                vector30
                0x01002000                vector556
                0x01002000                vector386
                0x01002000                vector367
                0x01002000                vector46
                0x01002000                vector988
                0x01002000                vector743
                0x01002000                vector437
                0x01002000                vector1023
                0x01002000                vector34
                0x01002000                vector268
                0x01002000                vector764
                0x01002000                vector990
                0x01002000                vector786
                0x01002000                vector794
                0x01002000                vector638
                0x01002000                vector223
                0x01002000                vector881
                0x01002000                vector218
                0x01002000                vector994
                0x01002000                vector662
                0x01002000                vector292
                0x01002000                vector325
                0x01002000                vector341
                0x01002000                vector713
                0x01002000                vector945
                0x01002000                vector892
                0x01002000                vector410
                0x01002000                vector322
                0x01002000                vector888
                0x01002000                vector393
                0x01002000                vector8
                0x01002000                vector582
                0x01002000                vector916
                0x01002000                vector842
                0x01002000                vector510
                0x01002000                vector160
                0x01002000                vector344
                0x01002000                vector264
                0x01002000                vector634
                0x01002000                vector472
                0x01002000                vector628
                0x01002000                vector258
                0x01002000                vector927
                0x01002000                vector887
                0x01002000                vector559
                0x01002000                vector215
                0x01002000                vector727
                0x01002000                vector423
                0x01002000                vector995
                0x01002000                vector826
                0x01002000                vector532
                0x01002000                vector490
                0x01002000                vector416
                0x01002000                vector352
                0x01002000                vector347
                0x01002000                vector389
                0x01002000                vector507
                0x01002000                vector157
                0x01002000                vector161
                0x01002000                vector511
                0x01002000                vector908
                0x01002000                vector904
                0x01002000                vector850
                0x01002000                vector502
                0x01002000                vector152
                0x01002000                vector838
                0x01002000                vector681
                0x01002000                vector555
                0x01002000                vector455
                0x01002000                vector920
                0x01002000                vector547
                0x01002000                vector197
                0x01002000                vector596
                0x01002000                vector972
                0x01002000                vector598
                0x01002000                vector868
                0x01002000                vector37
                0x01002000                vector690
                0x01002000                vector364
                0x01002000                vector205
                0x01002000                vector823
                0x01002000                vector459
                0x01002000                vector600
                0x01002000                vector230
                0x01002000                vector761
                0x01002000                vector415
                0x01002000                vector339
                0x01002000                vector182
                0x01002000                vector466
                0x01002000                vector469
                0x01002000                vector273
                0x01002000                vector523
                0x01002000                vector173
                0x01002000                vector637
                0x01002000                vector643
                0x01002000                vector44
                0x01002000                vector731
                0x01002000                vector830
                0x01002000                vector991
                0x01002000                vector670
                0x01002000                vector49
                0x01002000                vector267
                0x01002000                vector566
                0x01002000                vector485
                0x01002000                vector675
                0x01002000                vector704
                0x01002000                vector222
                0x01002000                vector978
                0x01002000                vector426
                0x01002000                vector379
                0x01002000                vector956
                0x01002000                vector442
                0x01002000                vector911
                0x01002000                vector336
                0x01002000                vector686
                0x01002000                vector943
                0x01002000                vector818
                0x01002000                vector572
                0x01002000                vector321
                0x01002000                vector575
                0x01002000                vector1002
                0x01002000                vector383
                0x01002000                vector20
                0x01002000                vector712
                0x01002000                vector309
                0x01002000                vector950
                0x01002000                vector1000
                0x01002000                vector12
                0x01002000                vector1007
                0x01002000                vector719
                0x01002000                vector986
                0x01002000                vector863
                0x01002000                vector18
                0x01002000                vector366
                0x01002000                vector776
                0x01002000                vector491
                0x01002000                vector456
                0x01002000                vector417
                0x01002000                vector286
                0x01002000                vector319
                0x01002000                vector907
                0x01002000                vector873
                0x01002000                vector656
                0x01002000                vector303
                0x01002000                vector192
                0x01002000                vector516
                0x01002000                vector166
                0x01002000                vector489
                0x01002000                vector931
                0x01002000                vector658
                0x01002000                vector288
                0x01002000                vector564
                0x01002000                vector861
                0x01002000                vector906
                0x01002000                vector184
                0x01002000                vector577
                0x01002000                vector683
                0x01002000                vector358
                0x01002000                vector446
                0x01002000                vector326
                0x01002000                vector207
                0x01002000                vector188
                0x01002000                vector585
                0x01002000                vector636
                0x01002000                vector266
                0x01002000                vector411
                0x01002000                vector538
                0x01002000                vector567
                0x01002000                vector915
                0x01002000                vector540
                0x01002000                vector190
                0x01002000                vector609
                0x01002000                vector239
                0x01002000                vector534
                0x01002000                vector360
                0x01002000                vector17
                0x01002000                vector654
                0x01002000                vector284
                0x01002000                vector452
                0x01002000                vector782
                0x01002000                vector768
                0x01002000                vector1005
                0x01002000                vector831
                0x01002000                vector633
                0x01002000                vector263
                0x01002000                vector581
                0x01002000                vector882
                0x01002000                vector685
                0x01002000                vector869
                0x01002000                vector992
                0x01002000                vector315
                0x01002000                vector976
                0x01002000                vector640
                0x01002000                vector270
                0x01002000                vector717
                0x01002000                vector755
                0x01002000                vector735
                0x01002000                vector699
                0x01002000                vector439
                0x01002000                vector721
                0x01002000                vector497
                0x01002000                vector824
                0x01002000                vector847
                0x01002000                vector48
                0x01002000                vector781
                0x01002000                vector984
                0x01002000                vector462
                0x01002000                vector586
                0x01002000                vector350
                0x01002000                vector926
                0x01002000                vector299
                0x01002000                vector897
                0x01002000                vector815
                0x01002000                vector541
                0x01002000                vector191
                0x01002000                vector669
                0x01002000                vector997
                0x01002000                vector854
                0x01002000                vector447
                0x01002000                vector11
                0x01002000                vector14
                0x01002000                vector952
                0x01002000                vector499
                0x01002000                vector480
                0x01002000                vector397
                0x01002000                vector941
                0x01002000                vector454
                0x01002000                vector708
                0x01002000                vector679
                0x01002000                vector406
                0x01002000                vector969
                0x01002000                vector338
                0x01002000                vector385
                0x01002000                vector936
                0x01002000                vector221
                0x01002000                vector912
                0x01002000                vector353
                0x01002000                vector521
                0x01002000                vector219
                0x01002000                vector310
                0x01002000                vector659
                0x01002000                vector289
                0x01002000                vector663
                0x01002000                vector293
                0x01002000                vector957
                0x01002000                vector171
                0x01002000                vector504
                0x01002000                vector340
                0x01002000                vector851
                0x01002000                vector449
                0x01002000                vector405
                0x01002000                vector800
                0x01002000                vector716
                0x01002000                vector849
                0x01002000                vector154
                0x01002000                vector36
                0x01002000                vector894
                0x01002000                vector605
                0x01002000                vector235
                0x01002000                vector766
                0x01002000                vector874
                0x01002000                vector272
                0x01002000                vector914
                0x01002000                vector563
                0x01002000                vector902
                0x01002000                vector949
                0x01002000                vector867
                0x01002000                vector879
                0x01002000                vector1012
                0x01002000                vector503
                0x01002000                vector153
                0x01002000                vector514
                0x01002000                vector164
                0x01002000                vector973
                0x01002000                vector754
                0x01002000                vector5
                0x01002000                vector619
                0x01002000                vector249
                0x01002000                vector938
                0x01002000                vector836
                0x01002000                vector318
                0x01002000                vector822
                0x01002000                vector155
                0x01002000                vector320
                0x01002000                vector517
                0x01002000                vector167
                0x01002000                vector944
                0x01002000                vector505
                0x01002000                vector987
                0x01002000                vector684
                0x01002000                vector959
                0x01002000                vector150
                0x01002000                vector304
                0x01002000                vector618
                0x01002000                vector248
                0x01002000                vector479
                0x01002000                vector500
                0x01002000                vector587
                0x01002000                vector434
                0x01002000                vector594
                0x01002000                vector590
                0x01002000                vector545
                0x01002000                vector195
                0x01002000                vector343
                0x01002000                vector865
                0x01002000                vector939
                0x01002000                vector31
                0x01002000                vector388
                0x01002000                vector799
                0x01002000                vector203
                0x01002000                vector820
                0x01002000                vector271
                0x01002000                vector665
                0x01002000                vector295
                0x01002000                vector427
                0x01002000                vector891
                0x01002000                vector641
                0x01002000                vector365
                0x01002000                vector620
                0x01002000                vector471
                0x01002000                vector28
                0x01002000                vector703
                0x01002000                vector550
                0x01002000                vector519
                0x01002000                vector785
                0x01002000                vector910
                0x01002000                vector323
                0x01002000                vector744
                0x01002000                vector955
                0x01002000                vector368
                0x01002000                vector934
                0x01002000                vector169
                0x01002000                vector809
                0x01002000                vector413
                0x01002000                vector866
                0x01002000                vector821
                0x01002000                vector457
                0x01002000                vector642
                0x01002000                vector780
                0x01002000                vector742
                0x01002000                vector392
                0x01002000                vector474
                0x01002000                vector603
                0x01002000                vector233
                0x01002000                vector593
                0x01002000                vector202
                0x01002000                vector373
                0x01002000                vector1019
                0x01002000                vector441
                0x01002000                vector756
                0x01002000                vector787
                0x01002000                vector749
                0x01002000                vector966
                0x01002000                vector698
                0x01002000                vector204
                0x01002000                vector250
                0x01002000                vector591
                0x01002000                vector653
                0x01002000                vector283
                0x01002000                vector726
                0x01002000                vector484
                0x01002000                vector630
                0x01002000                vector668
                0x01002000                vector298
                0x01002000                vector657
                0x01002000                vector287
                0x01002000                vector22
                0x01002000                vector247
                0x01002000                vector617
                0x01002000                vector260
                0x01002000                vector979
                0x01002000                vector330
                0x01002000                vector561
                0x01002000                vector923
                0x01002000                vector553
                0x01002000                vector893
                0x01002000                vector6
                0x01002000                vector277
                0x01002000                vector607
                0x01002000                vector237
                0x01002000                vector27
                0x01002000                vector468
                0x01002000                vector647
                0x01002000                vector579
                0x01002000                vector177
                0x01002000                vector425
                0x01002000                vector328
                0x01002000                vector918
                0x01002000                vector477
                0x01002000                vector701
                0x01002000                vector312
                0x01002000                vector217
                0x01002000                vector355
                0x01002000                vector661
                0x01002000                vector291
                0x01002000                vector970
                0x01002000                vector1013
                0x01002000                vector186
                0x01002000                vector372
                0x01002000                vector583
                0x01002000                vector807
                0x01002000                vector390
                0x01002000                vector536
                0x01002000                vector527
                0x01002000                vector803
                0x01002000                vector21
                0x01002000                vector316
                0x01002000                vector905
                0x01002000                vector375
                0x01002000                vector1022
                0x01002000                vector335
                0x01002000                vector671
                0x01002000                vector210
                0x01002000                vector332
                0x01002000                vector227
                0x01002000                vector834
                0x01002000                vector363
                0x01002000                vector983
                0x01002000                vector307
                0x01002000                vector1011
                0x01002000                vector41
                0x01002000                vector872
                0x01002000                vector432
                0x01002000                vector1018
                0x01002000                vector728
                0x01002000                vector378
                0x01002000                vector738
                0x01002000                vector224
                0x01002000                vector790
                0x01002000                vector381
                0x01002000                vector346
                0x01002000                vector940
                0x01002000                vector998
                0x01002000                vector436
                0x01002000                vector993
                0x01002000                vector613
                0x01002000                vector492
                0x01002000                vector495
                0x01002000                vector753
                0x01002000                vector924
                0x01002000                vector174
                0x01002000                vector211
                0x01002000                vector418
                0x01002000                vector889
                0x01002000                vector450
                0x01002000                vector524
                0x01002000                vector844
                0x01002000                vector552
                0x01002000                vector960
                0x01002000                vector714
                0x01002000                vector595
                0x01002000                vector946
                0x01002000                vector839
                0x01002000                vector16
                0x01002000                vector51
                0x01002000                vector765
                0x01002000                vector1008
                0x01002000                vector677
                0x01002000                vector13
                0x01002000                vector460
                0x01002000                vector362
                0x01002000                vector798
                0x01002000                vector300
                0x01002000                vector953
                0x01002000                vector652
                0x01002000                vector282
                0x01002000                vector608
                0x01002000                vector238
                0x01002000                vector38
                0x01002000                vector178
                0x01002000                vector650
                0x01002000                vector280
                0x01002000                vector980
                0x01002000                vector1
                0x01002000                vector528
                0x01002000                vector557
                0x01002000                vector311
                0x01002000                vector354
                0x01002000                vector624
                0x01002000                vector254
                0x01002000                vector763
                0x01002000                vector1001
                0x01002000                vector349
                0x01002000                vector929
                0x01002000                vector644
                0x01002000                vector274
                0x01002000                vector737
                0x01002000                vector967
                0x01002000                vector687
                0x01002000                vector269
                0x01002000                vector639
                0x01002000                vector568
                0x01002000                vector571
                0x01002000                vector535
                0x01002000                vector185
                0x01002000                vector760
                0x01002000                vector942
                0x01002000                vector165
                0x01002000                vector515
                0x01002000                vector451
                0x01002000                vector900
                0x01002000                vector750
                0x01002000                vector435
                0x01002000                vector496
                0x01002000                vector748
                0x01002000                vector580
                0x01002000                vector398
                0x01002000                vector430
                0x01002000                vector506
                0x01002000                vector156
                0x01002000                vector975
                0x01002000                vector709
                0x01002000                vector676
                0x01002000                vector333
                0x01002000                vector817
                0x01002000                vector578
                0x01002000                vector376
                0x01002000                vector412
                0x01002000                vector682
                0x01002000                vector43
                0x01002000                vector493
                0x01002000                vector621
                0x01002000                vector251
                0x01002000                vector429
                0x01002000                _unhandled_irq
                0x01002000                vector584
                0x01002000                vector256
                0x01002000                vector626
                0x01002000                vector767
                0x01002000                vector612
                0x01002000                vector242
                0x01002000                vector829
                0x01002000                vector720
                0x01002000                vector345
                0x01002000                vector718
                0x01002000                vector296
                0x01002000                vector715
                0x01002000                vector213
                0x01002000                vector985
                0x01002000                vector947
                0x01002000                vector666
                0x01002000                vector419
                0x01002000                vector762
                0x01002000                vector795
                0x01002000                vector33
                0x01002000                vector512
                0x01002000                vector162
                0x01002000                vector615
                0x01002000                vector245
                0x01002000                vector812
                0x01002000                vector859
                0x01002000                vector961
                0x01002000                vector740
                0x01002000                vector919
                0x01002000                vector348
                0x01002000                vector404
                0x01002000                vector783
                0x01002000                vector214
                0x01002000                vector870
                0x01002000                vector770
                0x01002000                vector954
                0x01002000                vector522
                0x01002000                vector172
                0x01002000                vector3
                0x01002000                vector2
                0x01002000                vector359
                0x01002000                vector833
                0x01002000                vector565
                0x01002000                vector253
                0x01002000                vector623
                0x01002000                vector877
                0x01002000                vector461
                0x01002000                vector611
                0x01002000                vector241
                0x01002000                vector876
                0x01002000                vector819
                0x01002000                vector999
                0x01002000                vector257
                0x01002000                vector802
                0x01002000                vector431
                0x01002000                vector380
                0x01002000                vector862
                0x01002000                vector24
                0x01002000                vector7
                0x01002000                vector189
                0x01002000                vector816
                0x01002000                vector306
                0x01002000                vector1014
                0x01002000                vector539
                0x01002000                vector475
                0x01002000                vector711
                0x01002000                vector930
                0x01002000                vector974
                0x01002000                vector562
                0x01002000                vector773
                0x01002000                vector864
                0x01002000                vector627
                0x01002000                vector928
                0x01002000                vector736
                0x01002000                vector200
                0x01002000                vector655
                0x01002000                vector285
                0x01002000                vector414
                0x01002000                vector476
                0x01002000                vector989
                0x01002000                vector610
                0x01002000                vector240
                0x01002000                vector384
                0x01002000                vector734
                0x01002000                vector601
                0x01002000                vector231
                0x01002000                vector968
                0x01002000                vector278
                0x01002000                vector648
                0x01002000                vector329
                0x01002000                vector747
                0x01002000                vector606
                0x01002000                vector236
                0x01002000                vector1020
                0x01002000                vector29
                0x01002000                vector796
                0x01002000                vector463
                0x01002000                vector180
                0x01002000                vector632
                0x01002000                vector262
                0x01002000                vector996
                0x01002000                vector530
                0x01002000                vector408
                0x01002000                vector420
                0x01002000                vector314
                0x01002000                vector771
                0x01002000                vector357
                0x01002000                vector925
                0x01002000                vector932
                0x01002000                vector488
                0x01002000                vector779
                0x01002000                vector554
                0x01002000                vector327
                0x01002000                vector374
                0x01002000                vector201
                0x01002000                vector745
                0x01002000                vector903
                0x01002000                vector962
                0x01002000                vector9
                0x01002000                vector860
                0x01002000                vector458
                0x01002000                vector394
                0x01002000                vector811
                0x01002000                vector935
                0x01002000                vector792
                0x01002000                vector470
                0x01002000                vector758
                0x01002000                vector977
                0x01002000                vector473
                0x01002000                vector23
                0x01002000                vector678
                0x01002000                vector445
                0x01002000                vector597
                0x01002000                vector361
                0x01002000                vector845
                0x01002000                vector631
                0x01002000                vector261
                0x01002000                vector751
                0x01002000                vector208
                0x01002000                vector443
                0x01002000                vector777
                0x01002000                vector964
                0x01002000                vector40
                0x01002000                vector732
                0x01002000                vector853
                0x01002000                vector422
                0x01002000                vector651
                0x01002000                vector281
                0x01002000                vector805
                0x01002000                vector1021
                0x01002000                vector570
                0x01002000                vector486
                0x01002000                vector465
                0x01002000                vector746
                0x01002000                vector855
                0x01002000                vector963
                0x01002000                vector649
                0x01002000                vector279
                0x01002000                vector724
                0x01002000                vector1010
                0x01002000                vector898
                0x01002000                vector789
                0x01002000                vector301
                0x01002000                vector700
                0x01002000                vector921
                0x01002000                vector896
                0x01002000                vector730
                0x01002000                vector297
                0x01002000                vector526
                0x01002000                vector176
                0x01002000                vector857
                0x01002000                vector544
                0x01002000                vector194
                0x01002000                vector396
                0x01002000                vector402
                0x01002000                vector482
                0x01002000                vector438
                0x01002000                vector573
                0x01002000                vector707
                0x01002000                vector784
                0x01002000                vector32
                0x01002000                vector951
                0x01002000                vector622
                0x01002000                vector252
                0x01002000                vector0
                0x01002000                vector828
                0x01002000                vector667
                0x01002000                vector775
                0x01002000                vector589
                0x01002000                vector810
                0x01002000                vector549
                0x01002000                vector199
                0x01002000                vector741
                0x01002000                vector448
                0x01002000                vector331
                0x01002000                vector705
                0x01002000                vector858
                0x01002000                vector483
                0x01002000                vector813
                0x01002000                vector702
                0x01002000                vector391
                0x01002000                vector324
                0x01002000                vector895
                0x01002000                vector313
                0x01002000                vector793
                0x01002000                vector440
                0x01002000                vector840
                0x01002000                vector409
                0x01002000                vector688
                0x01002000                vector981
                0x01002000                vector356
                0x01002000                vector588
                0x01002000                vector660
                0x01002000                vector290
                0x01002000                vector629
                0x01002000                vector259
                0x01002000                vector196
                0x01002000                vector546
                0x01002000                vector216
                0x01002000                vector26
                0x01002000                vector875
                0x01002000                vector543
                0x01002000                vector193
                0x01002000                vector275
                0x01002000                vector645
                0x01002000                vector1016
                0x01002000                vector614
                0x01002000                vector1006
                0x01002000                vector498
                0x01002000                vector806
                0x01002000                vector797
                0x01002000                vector778
                0x01002000                vector733
                0x01002000                vector791
                0x01002000                vector19
                0x01002000                vector453
                0x01002000                vector846
                0x01002000                vector305
                0x01002000                vector45
                0x01002000                vector229
                0x01002000                vector168
                0x01002000                vector592
                0x01002000                vector871
                0x01002000                vector35
                0x01002000                vector885
                0x01002000                vector518
                0x01002000                vector39
                0x01002000                vector508
                0x01002000                vector158
                0x01002000                vector752
                0x01002000                vector673
                0x01002000                vector428
                0x01002000                vector209
                0x01002000                vector369
                0x01002000                vector856
                0x01002000                vector672
                0x01002000                vector576
                0x01002000                vector899
                0x01002000                vector47
                0x01002000                vector212
                0x01002000                vector159
                0x01002000                vector574
                0x01002000                vector825
                0x01002000                vector533
                0x01002000                vector183
                0x01002000                vector509
                0x01002000                vector948
                0x01002000                vector228
                0x01002000                vector958
                0x01002000                vector377
                0x01002000                vector788
                0x01002000                vector616
                0x01002000                vector246
                0x01002000                vector913
                0x01002000                vector175
                0x01002000                vector42
                0x01002000                vector334
                0x01002000                vector901
                0x01002000                vector674
                0x01002000                vector525
                0x01002000                vector558
                0x01002000                vector801
                0x01002000                vector890
                0x01002000                vector706
                0x01002000                vector399
                0x01002000                vector1004
                0x01002000                vector832
                0x01002000                vector395
                0x01002000                vector4
                0x01002000                vector691
                0x01002000                vector433
                0x01002000                vector917
                0x01002000                vector852
                0x01002000                vector478
                0x01002000                vector965
                0x01002000                vector520
                0x01002000                vector170
                0x01002000                vector400
                0x01002000                vector317
                0x01002000                vector371
                0x01002000                vector531
                0x01002000                vector181
                0x01002000                vector255
                0x01002000                vector625
                0x01002000                vector10
                0x01002000                vector808
                0x01002000                vector206
                0x01002000                vector560
                0x01002000                vector922
                0x01002000                vector884

constructors    0x01002004        0x0
                [!provide]                PROVIDE (__init_array_start, .)
 *(SORT(.init_array.*))
 *(.init_array)
                [!provide]                PROVIDE (__init_array_end, .)

destructors     0x01002004        0x0
                [!provide]                PROVIDE (__fini_array_start, .)
 *(.fini_array)
 *(SORT(.fini_array.*))
                [!provide]                PROVIDE (__fini_array_end, .)

.text_vle
 *(.text_vle)
 *(.text_vle.*)
 *(.gnu.linkonce.t_vle.*)

.text           0x01002010     0x7c76
 *(.text)
 .text          0x01002010       0x44 c:/spc5studio-6.0/eclipse/plugins/com.st.tools.spc5.tools.gnu.gcc.ppcvle.win32_4.9.4.20200908161514/toolchain/bin/../lib/gcc/powerpc-eabivle/4.9.4/e200z4\libgcc.a(_fixunssfsi.o)
                0x01002010                __fixunssfsi
 *fill*         0x01002054        0xc 
 .text          0x01002060       0x56 c:/spc5studio-6.0/eclipse/plugins/com.st.tools.spc5.tools.gnu.gcc.ppcvle.win32_4.9.4.20200908161514/toolchain/bin/../lib/gcc/powerpc-eabivle/4.9.4/e200z4\libgcc.a(_fixunsdfsi.o)
                0x01002060                __fixunsdfsi
 *fill*         0x010020b6        0xa 
 .text          0x010020c0      0x242 c:/spc5studio-6.0/eclipse/plugins/com.st.tools.spc5.tools.gnu.gcc.ppcvle.win32_4.9.4.20200908161514/toolchain/bin/../lib/gcc/powerpc-eabivle/4.9.4/e200z4\libgcc.a(_addsub_sf.o)
                0x01002264                __addsf3
                0x010022b0                __subsf3
 *fill*         0x01002302        0xe 
 .text          0x01002310      0x17e c:/spc5studio-6.0/eclipse/plugins/com.st.tools.spc5.tools.gnu.gcc.ppcvle.win32_4.9.4.20200908161514/toolchain/bin/../lib/gcc/powerpc-eabivle/4.9.4/e200z4\libgcc.a(_mul_sf.o)
                0x01002310                __mulsf3
 *fill*         0x0100248e        0x2 
 .text          0x01002490       0x5a c:/spc5studio-6.0/eclipse/plugins/com.st.tools.spc5.tools.gnu.gcc.ppcvle.win32_4.9.4.20200908161514/toolchain/bin/../lib/gcc/powerpc-eabivle/4.9.4/e200z4\libgcc.a(_gt_sf.o)
                0x01002490                __gtsf2
 *fill*         0x010024ea        0x6 
 .text          0x010024f0       0x5a c:/spc5studio-6.0/eclipse/plugins/com.st.tools.spc5.tools.gnu.gcc.ppcvle.win32_4.9.4.20200908161514/toolchain/bin/../lib/gcc/powerpc-eabivle/4.9.4/e200z4\libgcc.a(_ge_sf.o)
                0x010024f0                __gesf2
 *fill*         0x0100254a        0x6 
 .text          0x01002550       0x5a c:/spc5studio-6.0/eclipse/plugins/com.st.tools.spc5.tools.gnu.gcc.ppcvle.win32_4.9.4.20200908161514/toolchain/bin/../lib/gcc/powerpc-eabivle/4.9.4/e200z4\libgcc.a(_lt_sf.o)
                0x01002550                __ltsf2
 *fill*         0x010025aa        0x6 
 .text          0x010025b0       0x6a c:/spc5studio-6.0/eclipse/plugins/com.st.tools.spc5.tools.gnu.gcc.ppcvle.win32_4.9.4.20200908161514/toolchain/bin/../lib/gcc/powerpc-eabivle/4.9.4/e200z4\libgcc.a(_si_to_sf.o)
                0x010025b0                __floatsisf
 *fill*         0x0100261a        0x6 
 .text          0x01002620       0x88 c:/spc5studio-6.0/eclipse/plugins/com.st.tools.spc5.tools.gnu.gcc.ppcvle.win32_4.9.4.20200908161514/toolchain/bin/../lib/gcc/powerpc-eabivle/4.9.4/e200z4\libgcc.a(_sf_to_si.o)
                0x01002620                __fixsfsi
 *fill*         0x010026a8        0x8 
 .text          0x010026b0       0x38 c:/spc5studio-6.0/eclipse/plugins/com.st.tools.spc5.tools.gnu.gcc.ppcvle.win32_4.9.4.20200908161514/toolchain/bin/../lib/gcc/powerpc-eabivle/4.9.4/e200z4\libgcc.a(_sf_to_df.o)
                0x010026b0                __extendsfdf2
 *fill*         0x010026e8        0x8 
 .text          0x010026f0       0x84 c:/spc5studio-6.0/eclipse/plugins/com.st.tools.spc5.tools.gnu.gcc.ppcvle.win32_4.9.4.20200908161514/toolchain/bin/../lib/gcc/powerpc-eabivle/4.9.4/e200z4\libgcc.a(_usi_to_sf.o)
                0x010026f0                __floatunsisf
 *fill*         0x01002774        0xc 
 .text          0x01002780      0x376 c:/spc5studio-6.0/eclipse/plugins/com.st.tools.spc5.tools.gnu.gcc.ppcvle.win32_4.9.4.20200908161514/toolchain/bin/../lib/gcc/powerpc-eabivle/4.9.4/e200z4\libgcc.a(_addsub_df.o)
                0x01002a38                __adddf3
                0x01002a94                __subdf3
 *fill*         0x01002af6        0xa 
 .text          0x01002b00      0x17e c:/spc5studio-6.0/eclipse/plugins/com.st.tools.spc5.tools.gnu.gcc.ppcvle.win32_4.9.4.20200908161514/toolchain/bin/../lib/gcc/powerpc-eabivle/4.9.4/e200z4\libgcc.a(_div_df.o)
                0x01002b00                __divdf3
 *fill*         0x01002c7e        0x2 
 .text          0x01002c80       0x64 c:/spc5studio-6.0/eclipse/plugins/com.st.tools.spc5.tools.gnu.gcc.ppcvle.win32_4.9.4.20200908161514/toolchain/bin/../lib/gcc/powerpc-eabivle/4.9.4/e200z4\libgcc.a(_ge_df.o)
                0x01002c80                __gedf2
 *fill*         0x01002ce4        0xc 
 .text          0x01002cf0       0xa4 c:/spc5studio-6.0/eclipse/plugins/com.st.tools.spc5.tools.gnu.gcc.ppcvle.win32_4.9.4.20200908161514/toolchain/bin/../lib/gcc/powerpc-eabivle/4.9.4/e200z4\libgcc.a(_df_to_si.o)
                0x01002cf0                __fixdfsi
 *fill*         0x01002d94        0xc 
 .text          0x01002da0       0x26 c:/spc5studio-6.0/eclipse/plugins/com.st.tools.spc5.tools.gnu.gcc.ppcvle.win32_4.9.4.20200908161514/toolchain/bin/../lib/gcc/powerpc-eabivle/4.9.4/e200z4\libgcc.a(_make_df.o)
                0x01002da0                __make_dp
 *fill*         0x01002dc6        0xa 
 .text          0x01002dd0      0x118 c:/spc5studio-6.0/eclipse/plugins/com.st.tools.spc5.tools.gnu.gcc.ppcvle.win32_4.9.4.20200908161514/toolchain/bin/../lib/gcc/powerpc-eabivle/4.9.4/e200z4\libgcc.a(_pack_sf.o)
                0x01002dd0                __pack_f
 *fill*         0x01002ee8        0x8 
 .text          0x01002ef0       0x80 c:/spc5studio-6.0/eclipse/plugins/com.st.tools.spc5.tools.gnu.gcc.ppcvle.win32_4.9.4.20200908161514/toolchain/bin/../lib/gcc/powerpc-eabivle/4.9.4/e200z4\libgcc.a(_unpack_sf.o)
                0x01002ef0                __unpack_f
 .text          0x01002f70       0xa2 c:/spc5studio-6.0/eclipse/plugins/com.st.tools.spc5.tools.gnu.gcc.ppcvle.win32_4.9.4.20200908161514/toolchain/bin/../lib/gcc/powerpc-eabivle/4.9.4/e200z4\libgcc.a(_fpcmp_parts_sf.o)
                0x01002f70                __fpcmp_parts_f
 *fill*         0x01003012        0xe 
 .text          0x01003020      0x1fc c:/spc5studio-6.0/eclipse/plugins/com.st.tools.spc5.tools.gnu.gcc.ppcvle.win32_4.9.4.20200908161514/toolchain/bin/../lib/gcc/powerpc-eabivle/4.9.4/e200z4\libgcc.a(_pack_df.o)
                0x01003020                __pack_d
 *fill*         0x0100321c        0x4 
 .text          0x01003220       0xb0 c:/spc5studio-6.0/eclipse/plugins/com.st.tools.spc5.tools.gnu.gcc.ppcvle.win32_4.9.4.20200908161514/toolchain/bin/../lib/gcc/powerpc-eabivle/4.9.4/e200z4\libgcc.a(_unpack_df.o)
                0x01003220                __unpack_d
 .text          0x010032d0       0xba c:/spc5studio-6.0/eclipse/plugins/com.st.tools.spc5.tools.gnu.gcc.ppcvle.win32_4.9.4.20200908161514/toolchain/bin/../lib/gcc/powerpc-eabivle/4.9.4/e200z4\libgcc.a(_fpcmp_parts_df.o)
                0x010032d0                __fpcmp_parts_d
 *(.text.*)
 *fill*         0x0100338a        0x6 
 .text.spc5LLDInit
                0x01003390       0x16 build/obj/spc5_lld.o
                0x01003390                spc5LLDInit
 *fill*         0x010033a6        0xa 
 .text.vector52
                0x010033b0       0xda build/obj/spc5_edma.o
                0x010033b0                vector52
 *fill*         0x0100348a        0x6 
 .text.vector53
                0x01003490       0x5c build/obj/spc5_edma.o
                0x01003490                vector53
 *fill*         0x010034ec        0x4 
 .text.vector54
                0x010034f0       0x5c build/obj/spc5_edma.o
                0x010034f0                vector54
 *fill*         0x0100354c        0x4 
 .text.vector55
                0x01003550       0x5c build/obj/spc5_edma.o
                0x01003550                vector55
 *fill*         0x010035ac        0x4 
 .text.vector56
                0x010035b0       0x5c build/obj/spc5_edma.o
                0x010035b0                vector56
 *fill*         0x0100360c        0x4 
 .text.vector57
                0x01003610       0x5c build/obj/spc5_edma.o
                0x01003610                vector57
 *fill*         0x0100366c        0x4 
 .text.vector58
                0x01003670       0x5c build/obj/spc5_edma.o
                0x01003670                vector58
 *fill*         0x010036cc        0x4 
 .text.vector59
                0x010036d0       0x5c build/obj/spc5_edma.o
                0x010036d0                vector59
 *fill*         0x0100372c        0x4 
 .text.vector60
                0x01003730       0x5c build/obj/spc5_edma.o
                0x01003730                vector60
 *fill*         0x0100378c        0x4 
 .text.vector61
                0x01003790       0x5c build/obj/spc5_edma.o
                0x01003790                vector61
 *fill*         0x010037ec        0x4 
 .text.vector62
                0x010037f0       0x5c build/obj/spc5_edma.o
                0x010037f0                vector62
 *fill*         0x0100384c        0x4 
 .text.vector63
                0x01003850       0x5c build/obj/spc5_edma.o
                0x01003850                vector63
 *fill*         0x010038ac        0x4 
 .text.vector64
                0x010038b0       0x5c build/obj/spc5_edma.o
                0x010038b0                vector64
 *fill*         0x0100390c        0x4 
 .text.vector65
                0x01003910       0x5c build/obj/spc5_edma.o
                0x01003910                vector65
 *fill*         0x0100396c        0x4 
 .text.vector66
                0x01003970       0x5c build/obj/spc5_edma.o
                0x01003970                vector66
 *fill*         0x010039cc        0x4 
 .text.vector67
                0x010039d0       0x5c build/obj/spc5_edma.o
                0x010039d0                vector67
 *fill*         0x01003a2c        0x4 
 .text.vector68
                0x01003a30       0x5c build/obj/spc5_edma.o
                0x01003a30                vector68
 *fill*         0x01003a8c        0x4 
 .text.vector69
                0x01003a90       0x60 build/obj/spc5_edma.o
                0x01003a90                vector69
 .text.vector70
                0x01003af0       0x60 build/obj/spc5_edma.o
                0x01003af0                vector70
 .text.vector71
                0x01003b50       0x60 build/obj/spc5_edma.o
                0x01003b50                vector71
 .text.vector72
                0x01003bb0       0x60 build/obj/spc5_edma.o
                0x01003bb0                vector72
 .text.vector73
                0x01003c10       0x60 build/obj/spc5_edma.o
                0x01003c10                vector73
 .text.vector74
                0x01003c70       0x60 build/obj/spc5_edma.o
                0x01003c70                vector74
 .text.vector75
                0x01003cd0       0x60 build/obj/spc5_edma.o
                0x01003cd0                vector75
 .text.vector76
                0x01003d30       0x60 build/obj/spc5_edma.o
                0x01003d30                vector76
 .text.vector77
                0x01003d90       0x60 build/obj/spc5_edma.o
                0x01003d90                vector77
 .text.vector78
                0x01003df0       0x60 build/obj/spc5_edma.o
                0x01003df0                vector78
 .text.vector79
                0x01003e50       0x60 build/obj/spc5_edma.o
                0x01003e50                vector79
 .text.vector80
                0x01003eb0       0x60 build/obj/spc5_edma.o
                0x01003eb0                vector80
 .text.vector81
                0x01003f10       0x60 build/obj/spc5_edma.o
                0x01003f10                vector81
 .text.vector82
                0x01003f70       0x60 build/obj/spc5_edma.o
                0x01003f70                vector82
 .text.vector83
                0x01003fd0       0x60 build/obj/spc5_edma.o
                0x01003fd0                vector83
 .text.vector84
                0x01004030       0x60 build/obj/spc5_edma.o
                0x01004030                vector84
 .text.vector85
                0x01004090       0x60 build/obj/spc5_edma.o
                0x01004090                vector85
 .text.vector86
                0x010040f0       0x60 build/obj/spc5_edma.o
                0x010040f0                vector86
 .text.vector87
                0x01004150       0x60 build/obj/spc5_edma.o
                0x01004150                vector87
 .text.vector88
                0x010041b0       0x60 build/obj/spc5_edma.o
                0x010041b0                vector88
 .text.vector89
                0x01004210       0x60 build/obj/spc5_edma.o
                0x01004210                vector89
 .text.vector90
                0x01004270       0x60 build/obj/spc5_edma.o
                0x01004270                vector90
 .text.vector91
                0x010042d0       0x60 build/obj/spc5_edma.o
                0x010042d0                vector91
 .text.vector92
                0x01004330       0x60 build/obj/spc5_edma.o
                0x01004330                vector92
 .text.vector93
                0x01004390       0x60 build/obj/spc5_edma.o
                0x01004390                vector93
 .text.vector94
                0x010043f0       0x60 build/obj/spc5_edma.o
                0x010043f0                vector94
 .text.vector95
                0x01004450       0x60 build/obj/spc5_edma.o
                0x01004450                vector95
 .text.vector96
                0x010044b0       0x60 build/obj/spc5_edma.o
                0x010044b0                vector96
 .text.vector97
                0x01004510       0x60 build/obj/spc5_edma.o
                0x01004510                vector97
 .text.vector98
                0x01004570       0x60 build/obj/spc5_edma.o
                0x01004570                vector98
 .text.vector99
                0x010045d0       0x60 build/obj/spc5_edma.o
                0x010045d0                vector99
 .text.vector100
                0x01004630       0x60 build/obj/spc5_edma.o
                0x01004630                vector100
 .text.vector101
                0x01004690       0x60 build/obj/spc5_edma.o
                0x01004690                vector101
 .text.vector102
                0x010046f0       0x60 build/obj/spc5_edma.o
                0x010046f0                vector102
 .text.vector103
                0x01004750       0x60 build/obj/spc5_edma.o
                0x01004750                vector103
 .text.vector104
                0x010047b0       0x60 build/obj/spc5_edma.o
                0x010047b0                vector104
 .text.vector105
                0x01004810       0x60 build/obj/spc5_edma.o
                0x01004810                vector105
 .text.vector106
                0x01004870       0x60 build/obj/spc5_edma.o
                0x01004870                vector106
 .text.vector107
                0x010048d0       0x60 build/obj/spc5_edma.o
                0x010048d0                vector107
 .text.vector108
                0x01004930       0x60 build/obj/spc5_edma.o
                0x01004930                vector108
 .text.vector109
                0x01004990       0x60 build/obj/spc5_edma.o
                0x01004990                vector109
 .text.vector110
                0x010049f0       0x60 build/obj/spc5_edma.o
                0x010049f0                vector110
 .text.vector111
                0x01004a50       0x60 build/obj/spc5_edma.o
                0x01004a50                vector111
 .text.vector112
                0x01004ab0       0x60 build/obj/spc5_edma.o
                0x01004ab0                vector112
 .text.vector113
                0x01004b10       0x60 build/obj/spc5_edma.o
                0x01004b10                vector113
 .text.vector114
                0x01004b70       0x60 build/obj/spc5_edma.o
                0x01004b70                vector114
 .text.vector115
                0x01004bd0       0x60 build/obj/spc5_edma.o
                0x01004bd0                vector115
 .text.vector116
                0x01004c30       0x60 build/obj/spc5_edma.o
                0x01004c30                vector116
 .text.vector117
                0x01004c90       0x5c build/obj/spc5_edma.o
                0x01004c90                vector117
 *fill*         0x01004cec        0x4 
 .text.vector118
                0x01004cf0       0x5c build/obj/spc5_edma.o
                0x01004cf0                vector118
 *fill*         0x01004d4c        0x4 
 .text.vector119
                0x01004d50       0x5c build/obj/spc5_edma.o
                0x01004d50                vector119
 *fill*         0x01004dac        0x4 
 .text.vector120
                0x01004db0       0x5c build/obj/spc5_edma.o
                0x01004db0                vector120
 *fill*         0x01004e0c        0x4 
 .text.vector121
                0x01004e10       0x5c build/obj/spc5_edma.o
                0x01004e10                vector121
 *fill*         0x01004e6c        0x4 
 .text.vector122
                0x01004e70       0x5c build/obj/spc5_edma.o
                0x01004e70                vector122
 *fill*         0x01004ecc        0x4 
 .text.vector123
                0x01004ed0       0x5c build/obj/spc5_edma.o
                0x01004ed0                vector123
 *fill*         0x01004f2c        0x4 
 .text.vector124
                0x01004f30       0x5c build/obj/spc5_edma.o
                0x01004f30                vector124
 *fill*         0x01004f8c        0x4 
 .text.vector125
                0x01004f90       0x5c build/obj/spc5_edma.o
                0x01004f90                vector125
 *fill*         0x01004fec        0x4 
 .text.vector126
                0x01004ff0       0x5c build/obj/spc5_edma.o
                0x01004ff0                vector126
 *fill*         0x0100504c        0x4 
 .text.vector127
                0x01005050       0x5c build/obj/spc5_edma.o
                0x01005050                vector127
 *fill*         0x010050ac        0x4 
 .text.vector128
                0x010050b0       0x5c build/obj/spc5_edma.o
                0x010050b0                vector128
 *fill*         0x0100510c        0x4 
 .text.vector129
                0x01005110       0x5c build/obj/spc5_edma.o
                0x01005110                vector129
 *fill*         0x0100516c        0x4 
 .text.vector130
                0x01005170       0x5c build/obj/spc5_edma.o
                0x01005170                vector130
 *fill*         0x010051cc        0x4 
 .text.vector131
                0x010051d0       0x5c build/obj/spc5_edma.o
                0x010051d0                vector131
 *fill*         0x0100522c        0x4 
 .text.vector132
                0x01005230       0x5c build/obj/spc5_edma.o
                0x01005230                vector132
 *fill*         0x0100528c        0x4 
 .text.vector133
                0x01005290       0x5c build/obj/spc5_edma.o
                0x01005290                vector133
 *fill*         0x010052ec        0x4 
 .text.vector134
                0x010052f0       0x5c build/obj/spc5_edma.o
                0x010052f0                vector134
 *fill*         0x0100534c        0x4 
 .text.vector135
                0x01005350       0x5c build/obj/spc5_edma.o
                0x01005350                vector135
 *fill*         0x010053ac        0x4 
 .text.vector136
                0x010053b0       0x5c build/obj/spc5_edma.o
                0x010053b0                vector136
 *fill*         0x0100540c        0x4 
 .text.vector137
                0x01005410       0x5c build/obj/spc5_edma.o
                0x01005410                vector137
 *fill*         0x0100546c        0x4 
 .text.vector138
                0x01005470       0x5c build/obj/spc5_edma.o
                0x01005470                vector138
 *fill*         0x010054cc        0x4 
 .text.vector139
                0x010054d0       0x5c build/obj/spc5_edma.o
                0x010054d0                vector139
 *fill*         0x0100552c        0x4 
 .text.vector140
                0x01005530       0x5c build/obj/spc5_edma.o
                0x01005530                vector140
 *fill*         0x0100558c        0x4 
 .text.vector141
                0x01005590       0x5c build/obj/spc5_edma.o
                0x01005590                vector141
 *fill*         0x010055ec        0x4 
 .text.vector142
                0x010055f0       0x5c build/obj/spc5_edma.o
                0x010055f0                vector142
 *fill*         0x0100564c        0x4 
 .text.vector143
                0x01005650       0x5c build/obj/spc5_edma.o
                0x01005650                vector143
 *fill*         0x010056ac        0x4 
 .text.vector144
                0x010056b0       0x5c build/obj/spc5_edma.o
                0x010056b0                vector144
 *fill*         0x0100570c        0x4 
 .text.vector145
                0x01005710       0x5c build/obj/spc5_edma.o
                0x01005710                vector145
 *fill*         0x0100576c        0x4 
 .text.vector146
                0x01005770       0x5c build/obj/spc5_edma.o
                0x01005770                vector146
 *fill*         0x010057cc        0x4 
 .text.vector147
                0x010057d0       0x5c build/obj/spc5_edma.o
                0x010057d0                vector147
 *fill*         0x0100582c        0x4 
 .text.vector148
                0x01005830       0x5c build/obj/spc5_edma.o
                0x01005830                vector148
 *fill*         0x0100588c        0x4 
 .text.edmaInit
                0x01005890      0x11c build/obj/spc5_edma.o
                0x01005890                edmaInit
 *fill*         0x010059ac        0x4 
 .text.can_lld_getframesize
                0x010059b0       0x3e build/obj/can_lld.o
                0x010059b0                can_lld_getframesize
 *fill*         0x010059ee        0x2 
 .text.can_lld_readBuffer
                0x010059f0      0x12a build/obj/can_lld.o
                0x010059f0                can_lld_readBuffer
 *fill*         0x01005b1a        0x6 
 .text.can_lld_l1_handler
                0x01005b20      0x410 build/obj/can_lld.o
 .text.can_lld_getDLC
                0x01005f30       0x48 build/obj/can_lld.o
                0x01005f30                can_lld_getDLC
 *fill*         0x01005f78        0x8 
 .text.can_lld_writeTxBuffer
                0x01005f80      0x118 build/obj/can_lld.o
                0x01005f80                can_lld_writeTxBuffer
 *fill*         0x01006098        0x8 
 .text.vector692
                0x010060a0       0x40 build/obj/can_lld.o
                0x010060a0                vector692
 .text.vector693
                0x010060e0        0xc build/obj/can_lld.o
                0x010060e0                vector693
 *fill*         0x010060ec        0x4 
 .text.vector694
                0x010060f0       0x40 build/obj/can_lld.o
                0x010060f0                vector694
 .text.vector695
                0x01006130        0xc build/obj/can_lld.o
                0x01006130                vector695
 *fill*         0x0100613c        0x4 
 .text.vector696
                0x01006140      0x4ae build/obj/can_lld.o
                0x01006140                vector696
 *fill*         0x010065ee        0x2 
 .text.vector697
                0x010065f0        0xc build/obj/can_lld.o
                0x010065f0                vector697
 *fill*         0x010065fc        0x4 
 .text.can_lld_init
                0x01006600       0xc2 build/obj/can_lld.o
                0x01006600                can_lld_init
 *fill*         0x010066c2        0xe 
 .text.can_lld_start
                0x010066d0      0x76c build/obj/can_lld.o
                0x010066d0                can_lld_start
 *fill*         0x01006e3c        0x4 
 .text.can_lld_transmit
                0x01006e40      0x120 build/obj/can_lld.o
                0x01006e40                can_lld_transmit
 .text.vListInitialise
                0x01006f60       0x14 build/obj/list.o
                0x01006f60                vListInitialise
 *fill*         0x01006f74        0xc 
 .text.vListInitialiseItem
                0x01006f80        0x6 build/obj/list.o
                0x01006f80                vListInitialiseItem
 *fill*         0x01006f86        0xa 
 .text.vListInsertEnd
                0x01006f90       0x18 build/obj/list.o
                0x01006f90                vListInsertEnd
 *fill*         0x01006fa8        0x8 
 .text.vListInsert
                0x01006fb0       0x46 build/obj/list.o
                0x01006fb0                vListInsert
 *fill*         0x01006ff6        0xa 
 .text.uxListRemove
                0x01007000       0x36 build/obj/list.o
                0x01007000                uxListRemove
 *fill*         0x01007036        0xa 
 .text.prvCopyDataToQueue
                0x01007040       0xb0 build/obj/queue.o
 .text.prvNotifyQueueSetContainer
                0x010070f0       0x7c build/obj/queue.o
 *fill*         0x0100716c        0x4 
 .text.prvCopyDataFromQueue
                0x01007170       0x26 build/obj/queue.o
 *fill*         0x01007196        0xa 
 .text.prvUnlockQueue
                0x010071a0       0xf0 build/obj/queue.o
 .text.xQueueGenericReset
                0x01007290       0xa0 build/obj/queue.o
                0x01007290                xQueueGenericReset
 .text.xQueueGenericCreate
                0x01007330       0x66 build/obj/queue.o
                0x01007330                xQueueGenericCreate
 *fill*         0x01007396        0xa 
 .text.xQueueGenericSendFromISR
                0x010073a0       0xaa build/obj/queue.o
                0x010073a0                xQueueGenericSendFromISR
 *fill*         0x0100744a        0x6 
 .text.xQueueReceive
                0x01007450      0x16e build/obj/queue.o
                0x01007450                xQueueReceive
 *fill*         0x010075be        0x2 
 .text.prvIdleTask
                0x010075c0       0x16 build/obj/tasks.o
 *fill*         0x010075d6        0xa 
 .text.prvResetNextTaskUnblockTime.part.1
                0x010075e0       0x18 build/obj/tasks.o
 *fill*         0x010075f8        0x8 
 .text.prvAddCurrentTaskToDelayedList
                0x01007600       0xae build/obj/tasks.o
 *fill*         0x010076ae        0x2 
 .text.vTaskSwitchContext.part.4
                0x010076b0       0x98 build/obj/tasks.o
 *fill*         0x01007748        0x8 
 .text.vTaskEnterCritical.part.5
                0x01007750       0x1c build/obj/tasks.o
 *fill*         0x0100776c        0x4 
 .text.vTaskSuspendAll
                0x01007770       0x10 build/obj/tasks.o
                0x01007770                vTaskSuspendAll
 .text.xTaskIncrementTick
                0x01007780      0x190 build/obj/tasks.o
                0x01007780                xTaskIncrementTick
 .text.vTaskSwitchContext
                0x01007910       0x1e build/obj/tasks.o
                0x01007910                vTaskSwitchContext
 *fill*         0x0100792e        0x2 
 .text.vTaskPlaceOnEventList
                0x01007930       0x2a build/obj/tasks.o
                0x01007930                vTaskPlaceOnEventList
 *fill*         0x0100795a        0x6 
 .text.xTaskRemoveFromEventList
                0x01007960       0xa2 build/obj/tasks.o
                0x01007960                xTaskRemoveFromEventList
 *fill*         0x01007a02        0xe 
 .text.vTaskInternalSetTimeOutState
                0x01007a10       0x16 build/obj/tasks.o
                0x01007a10                vTaskInternalSetTimeOutState
 *fill*         0x01007a26        0xa 
 .text.vTaskMissedYield
                0x01007a30        0xc build/obj/tasks.o
                0x01007a30                vTaskMissedYield
 *fill*         0x01007a3c        0x4 
 .text.xTaskPriorityDisinherit
                0x01007a40       0x90 build/obj/tasks.o
                0x01007a40                xTaskPriorityDisinherit
 .text.vTaskEnterCritical
                0x01007ad0       0x14 build/obj/tasks.o
                0x01007ad0                vTaskEnterCritical
 *fill*         0x01007ae4        0xc 
 .text.vTaskExitCritical
                0x01007af0       0x44 build/obj/tasks.o
                0x01007af0                vTaskExitCritical
 *fill*         0x01007b34        0xc 
 .text.xTaskCreate
                0x01007b40      0x23e build/obj/tasks.o
                0x01007b40                xTaskCreate
 *fill*         0x01007d7e        0x2 
 .text.vTaskStartScheduler
                0x01007d80       0x62 build/obj/tasks.o
                0x01007d80                vTaskStartScheduler
 *fill*         0x01007de2        0xe 
 .text.xTaskResumeAll
                0x01007df0      0x164 build/obj/tasks.o
                0x01007df0                xTaskResumeAll
 *fill*         0x01007f54        0xc 
 .text.vTaskDelayUntil
                0x01007f60       0x62 build/obj/tasks.o
                0x01007f60                vTaskDelayUntil
 *fill*         0x01007fc2        0xe 
 .text.vTaskDelay
                0x01007fd0       0x3e build/obj/tasks.o
                0x01007fd0                vTaskDelay
 *fill*         0x0100800e        0x2 
 .text.xTaskGetTickCount
                0x01008010       0x34 build/obj/tasks.o
                0x01008010                xTaskGetTickCount
 *fill*         0x01008044        0xc 
 .text.xTaskCheckForTimeOut
                0x01008050       0xc4 build/obj/tasks.o
                0x01008050                xTaskCheckForTimeOut
 *fill*         0x01008114        0xc 
 .text.pxPortInitialiseStack
                0x01008120      0x122 build/obj/port.o
                0x01008120                pxPortInitialiseStack
 *fill*         0x01008242        0xe 
 .text.xPortStartScheduler
                0x01008250       0x1e build/obj/port.o
                0x01008250                xPortStartScheduler
 *fill*         0x0100826e        0x2 
 .text.vector226
                0x01008270       0x1a build/obj/port.o
                0x01008270                vector226
 *fill*         0x0100828a        0x6 
 .text.prvInsertBlockIntoFreeList
                0x01008290       0x62 build/obj/heap_4.o
 *fill*         0x010082f2        0xe 
 .text.pvPortMalloc
                0x01008300      0x146 build/obj/heap_4.o
                0x01008300                pvPortMalloc
 *fill*         0x01008446        0xa 
 .text.vPortFree
                0x01008450       0x6c build/obj/heap_4.o
                0x01008450                vPortFree
 *fill*         0x010084bc        0x4 
 .text.pal_init
                0x010084c0      0x104 build/obj/pal.o
                0x010084c0                pal_init
 *fill*         0x010085c4        0xc 
 .text.clockInit
                0x010085d0       0x32 build/obj/clock.o
                0x010085d0                clockInit
 *fill*         0x01008602        0xe 
 .text.spc_clock_init
                0x01008610      0x360 build/obj/clock.o
                0x01008610                spc_clock_init
 .text.__early_init
                0x01008970        0x4 build/obj/clock.o
                0x01008970                __early_init
 *fill*         0x01008974        0xc 
 .text.SPCSetPeripheralClockMode
                0x01008980       0x40 build/obj/clock.o
                0x01008980                SPCSetPeripheralClockMode
 .text.irqInit  0x010089c0       0x2a build/obj/irq.o
                0x010089c0                irqInit
 *fill*         0x010089ea        0x6 
 .text.irqSysHalt
                0x010089f0        0x8 build/obj/irq.o
                0x010089f0                irqSysHalt
 *fill*         0x010089f8        0x8 
 .text.vector243
                0x01008a00       0xa6 build/obj/eirq.o
                0x01008a00                vector243
 *fill*         0x01008aa6        0xa 
 .text.vector244
                0x01008ab0       0xa6 build/obj/eirq.o
                0x01008ab0                vector244
 *fill*         0x01008b56        0xa 
 .text.eirqInit
                0x01008b60       0xf0 build/obj/eirq.o
                0x01008b60                eirqInit
 .text.osalSysTimeSetup
                0x01008c50       0x24 build/obj/osal.o
                0x01008c50                osalSysTimeSetup
 *fill*         0x01008c74        0xc 
 .text.osalSysTimeReset
                0x01008c80        0x4 build/obj/osal.o
                0x01008c80                osalSysTimeReset
 *fill*         0x01008c84        0xc 
 .text.osalInit
                0x01008c90       0x4e build/obj/osal.o
                0x01008c90                osalInit
 *fill*         0x01008cde        0x2 
 .text.sysTimeSetup
                0x01008ce0       0x58 build/obj/systimer.o
                0x01008ce0                sysTimeSetup
 *fill*         0x01008d38        0x8 
 .text.sysTimeReset
                0x01008d40       0x18 build/obj/systimer.o
                0x01008d40                sysTimeReset
 *fill*         0x01008d58        0x8 
 .text.boardInit
                0x01008d60        0xc build/obj/board.o
                0x01008d60                boardInit
 *fill*         0x01008d6c        0x4 
 .text.irq_cfg_init
                0x01008d70        0x2 build/obj/irq_cfg.o
                0x01008d70                irq_cfg_init
 *fill*         0x01008d72        0xe 
 .text.vTaskCAN5
                0x01008d80       0xf6 build/obj/main.o
                0x01008d80                vTaskCAN5
 *fill*         0x01008e76        0xa 
 .text.vTaskParkAssist
                0x01008e80       0xf4 build/obj/main.o
                0x01008e80                vTaskParkAssist
 *fill*         0x01008f74        0xc 
 .text.vTaskmain
                0x01008f80       0xc6 build/obj/main.o
                0x01008f80                vTaskmain
 *fill*         0x01009046        0xa 
 .text.startup.main
                0x01009050       0x3a build/obj/main.o
                0x01009050                main
 *fill*         0x0100908a        0x6 
 .text.Steering_assist
                0x01009090      0x100 build/obj/h302.o
                0x01009090                Steering_assist
 .text.can3_rx  0x01009190      0x208 build/obj/CAN_tools.o
                0x01009190                can3_rx
 *fill*         0x01009398        0x8 
 .text.can4_rx  0x010093a0      0x1b8 build/obj/CAN_tools.o
                0x010093a0                can4_rx
 *fill*         0x01009558        0x8 
 .text.can5_rx  0x01009560       0xbc build/obj/CAN_tools.o
                0x01009560                can5_rx
 *fill*         0x0100961c        0x4 
 .text.Crc_CalculateCRC8H2F
                0x01009620      0x5f6 build/obj/crc.o
                0x01009620                Crc_CalculateCRC8H2F
 *fill*         0x01009c16        0xa 
 .text.componentsInit
                0x01009c20       0x26 build/obj/components.o
                0x01009c20                componentsInit
 *fill*         0x01009c46        0xa 
 .text.memcpy   0x01009c50       0x1a c:/spc5studio-6.0/eclipse/plugins/com.st.tools.spc5.tools.gnu.gcc.ppcvle.win32_4.9.4.20200908161514/toolchain/bin/../lib/gcc/powerpc-eabivle/4.9.4/../../../../powerpc-eabivle/lib/e200z4\libc.a(lib_a-memcpy.o)
                0x01009c50                memcpy
                0x01009c50                largememcpy
 *fill*         0x01009c6a        0x6 
 .text.memset   0x01009c70       0x16 c:/spc5studio-6.0/eclipse/plugins/com.st.tools.spc5.tools.gnu.gcc.ppcvle.win32_4.9.4.20200908161514/toolchain/bin/../lib/gcc/powerpc-eabivle/4.9.4/../../../../powerpc-eabivle/lib/e200z4\libc.a(lib_a-memset.o)
                0x01009c70                memset
 *(.gnu.linkonce.t.*)

.glink          0x01009c86        0x0
 .glink         0x01009c86        0x0 build/obj/boot.o

.rodata         0x01009c90      0x340
 *(.glue_7t)
 *(.glue_7)
 *(.gcc*)
 *(.rodata)
 .rodata        0x01009c90      0x170 build/obj/crc.o
 .rodata        0x01009e00       0x10 c:/spc5studio-6.0/eclipse/plugins/com.st.tools.spc5.tools.gnu.gcc.ppcvle.win32_4.9.4.20200908161514/toolchain/bin/../lib/gcc/powerpc-eabivle/4.9.4/e200z4\libgcc.a(_thenan_sf.o)
                0x01009e00                __thenan_sf
 .rodata        0x01009e10       0x18 c:/spc5studio-6.0/eclipse/plugins/com.st.tools.spc5.tools.gnu.gcc.ppcvle.win32_4.9.4.20200908161514/toolchain/bin/../lib/gcc/powerpc-eabivle/4.9.4/e200z4\libgcc.a(_thenan_df.o)
                0x01009e10                __thenan_df
 *(.rodata.*)
 *fill*         0x01009e28        0x8 
 .rodata.dma0_g1
                0x01009e30       0x10 build/obj/spc5_edma.o
 .rodata.dma0_g0
                0x01009e40       0x10 build/obj/spc5_edma.o
 .rodata.dma1_g0
                0x01009e50       0x10 build/obj/spc5_edma.o
 .rodata.dma1_g1
                0x01009e60       0x10 build/obj/spc5_edma.o
 .rodata.dma1_g2
                0x01009e70       0x10 build/obj/spc5_edma.o
 .rodata.dma1_g3
                0x01009e80       0x10 build/obj/spc5_edma.o
 .rodata.can_lld_getframesize
                0x01009e90       0x1c build/obj/can_lld.o
 *fill*         0x01009eac        0x4 
 .rodata.str1.4
                0x01009eb0        0x5 build/obj/tasks.o
 *fill*         0x01009eb5        0xb 
 .rodata.str1.4
                0x01009ec0        0x8 build/obj/main.o
 *fill*         0x01009ec8        0x8 
 .rodata.crc8H2F_tab
                0x01009ed0      0x100 build/obj/crc.o
 *(.rodata1)

.sdata2         0x01009fd0        0x0
                0x01011fd0                __sdata2_start__ = (. + 0x8000)
 *(.sdata2)
 .sdata2        0x01009fd0        0x0 build/obj/boot.o
 *(.sdata2.*)
 *(.gnu.linkonce.s2.*)
 *(.sbss2)
 *(.sbss2.*)
 *(.gnu.linkonce.sb2.*)

.eh_frame_hdr
 *(.eh_frame_hdr)

.eh_frame       0x01009fd0        0x0
 *(.eh_frame)
 .eh_frame      0x01009fd0        0x0 build/obj/boot.o

.rela.dyn       0x01009fd0        0x0
 .rela.iplt     0x01009fd0        0x0 build/obj/boot.o
 .rela.vectors  0x01009fd0        0x0 build/obj/boot.o
 .rela.text.pxPortInitialiseStack
                0x01009fd0        0x0 build/obj/boot.o
 .rela.text.manage_eirq_interrupt
                0x01009fd0        0x0 build/obj/boot.o
 .rela.text.vector243
                0x01009fd0        0x0 build/obj/boot.o
 .rela.text.vector244